// Jest Snapshot v1, https://goo.gl/fbAQLP

exports[`enzyme Paginator default SNAPSHOT should render correctly 1`] = `
.c1 {
  margin: 0;
  font-family: 'Roboto',sans-serif;
  font-size: 0.875rem;
  font-weight: 400;
  -webkit-letter-spacing: 0.25px;
  -moz-letter-spacing: 0.25px;
  -ms-letter-spacing: 0.25px;
  letter-spacing: 0.25px;
  line-height: 1.5;
  text-align: inherit;
}

.c3 {
  border-radius: 0.2rem;
  cursor: pointer;
  min-height: auto;
  text-transform: uppercase;
  border: none;
  outline: none;
  color: hsla(0,0%,0%,1);
  font-family: 'Roboto Condensed',sans-serif;
  font-size: 0.875rem;
  -webkit-transition: 200ms cubic-bezier(0.4,0,0.2,1);
  transition: 200ms cubic-bezier(0.4,0,0.2,1);
  position: relative;
  display: -webkit-inline-box;
  display: -webkit-inline-flex;
  display: -ms-inline-flexbox;
  display: inline-flex;
  -webkit-box-pack: center;
  -webkit-justify-content: center;
  -ms-flex-pack: center;
  justify-content: center;
  font-size: 0.875rem;
  padding: 12px 17px;
  background-color: inherit;
  color: hsla(0,0%,100%,1);
  border-radius: 50%;
  padding: 15px;
}

.c3:disabled,
.c3:hover:disabled {
  opacity: 0.75;
  cursor: auto;
  box-shadow: none;
}

.c3:hover {
  color: hsla(0,0%,100%,1);
  background-color: hsla(0,0%,100%,0.25);
}

.c3:disabled,
.c3:hover:disabled {
  background-color: inherit;
  color: hsla(0,0%,100%,1);
}

.c5 {
  position: absolute !important;
  border-radius: inherit;
  top: 0;
  left: 0;
  width: 100%;
  height: 100%;
}

.c4 {
  margin: 0;
  padding: 0;
  display: -webkit-box;
  display: -webkit-flex;
  display: -ms-flexbox;
  display: flex;
  -webkit-align-items: center;
  -webkit-box-align: center;
  -ms-flex-align: center;
  align-items: center;
}

.c0 {
  padding: 0 15px;
  position: absolute;
  display: -webkit-box;
  display: -webkit-flex;
  display: -ms-flexbox;
  display: flex;
  border-radius: 0.2rem;
  -webkit-box-pack: justify;
  -webkit-justify-content: space-between;
  -ms-flex-pack: justify;
  justify-content: space-between;
  -webkit-align-items: center;
  -webkit-box-align: center;
  -ms-flex-align: center;
  align-items: center;
  -webkit-transform: translateX(-50%);
  -ms-transform: translateX(-50%);
  transform: translateX(-50%);
  min-width: 560px;
  min-height: 70px;
  background-color: hsla(291,64%,42%,1);
  color: hsla(0,0%,100%,1);
  box-shadow: 0 4px 20px 0px rgba(0,0,0,0.14), 0 10px 16px -5px hsla(291,64%,54%,0.25);
}

.c2 {
  padding: 4px;
}

.c2 svg {
  font-size: 18px;
}

<div
  className="c0"
  color="default"
  data-test-id="MessageStyled"
>
  <p
    className="c1"
    color="inherit"
  >
    test message
  </p>
  <button
    className="c2 c3"
    color="white"
    onClick={[MockFunction]}
    size="medium"
  >
    <div
      className="c4"
    >
      <svg
        aria-hidden="true"
        className="MuiSvgIcon-root-1"
        focusable="false"
        role="presentation"
        viewBox="0 0 24 24"
      >
        <path
          d="M19 6.41L17.59 5 12 10.59 6.41 5 5 6.41 10.59 12 5 17.59 6.41 19 12 13.41 17.59 19 19 17.59 13.41 12z"
        />
        <path
          d="M0 0h24v24H0z"
          fill="none"
        />
      </svg>
    </div>
    <div
      className="rtr-root c5"
      onMouseDown={[Function]}
      onMouseLeave={[Function]}
      onMouseUp={[Function]}
      onTouchEnd={[Function]}
      onTouchMove={[Function]}
      onTouchStart={[Function]}
      timeout={
        Object {
          "enter": 500,
          "exit": 500,
        }
      }
    >
      <span />
    </div>
  </button>
</div>
`;
