// Jest Snapshot v1, https://goo.gl/fbAQLP

exports[`enzyme Radio default SNAPSHOT should render correctly 1`] = `
.c1 {
  cursor: pointer;
  display: none;
}

.c2 {
  width: 100%;
  height: 100%;
  border-radius: 50%;
  background-color: hsla(291,64%,42%,1);
}

.c0 {
  border-radius: 50%;
  margin: 0 7px;
  border: 2px solid;
  box-sizing: border-box;
  border-color: hsla(291,64%,42%,1);
  display: -webkit-box;
  display: -webkit-flex;
  display: -ms-flexbox;
  display: flex;
  -webkit-align-items: center;
  -webkit-box-align: center;
  -ms-flex-align: center;
  align-items: center;
  -webkit-box-pack: center;
  -webkit-justify-content: center;
  -ms-flex-pack: center;
  justify-content: center;
  padding: 3px;
  min-width: 1.2rem;
  height: 1.2rem;
}

<div
  checked={true}
  className="c0"
  color="default"
  disabled={false}
>
  <input
    className="c1"
    disabled={false}
    type="checkbox"
  />
  <span
    className="c2"
    color="default"
    disabled={false}
  />
</div>
`;
